[INFO] [launch]: All log files can be found below /home/eao/lusn-robot-navigation/ros_ws/log/ros/2026-09-08-00-52-32-678541-eao-workstation-160146
[INFO] [launch]: Default logging verbosity is set to INFO
[INFO] [map_server-1]: process started with pid [160177]
[INFO] [amcl-2]: process started with pid [160178]
[INFO] [lifecycle_manager-3]: process started with pid [160179]
[INFO] [controller_server-4]: process started with pid [160180]
[INFO] [smoother_server-5]: process started with pid [160181]
[INFO] [planner_server-6]: process started with pid [160182]
[INFO] [route_server-7]: process started with pid [160183]
[INFO] [behavior_server-8]: process started with pid [160184]
[INFO] [bt_navigator-9]: process started with pid [160185]
[INFO] [waypoint_follower-10]: process started with pid [160186]
[INFO] [velocity_smoother-11]: process started with pid [160187]
[INFO] [collision_monitor-12]: process started with pid [160188]
[INFO] [opennav_docking-13]: process started with pid [160191]
[INFO] [lifecycle_manager-14]: process started with pid [160194]
[smoother_server-5] [INFO] [1788825153.006558004] [smoother_server]: 
[smoother_server-5] 	smoother_server lifecycle node launched. 
[smoother_server-5] 	Waiting on external lifecycle transitions to activate
[smoother_server-5] 	See https://design.ros2.org/articles/node_lifecycle.html for more information.
[smoother_server-5] [INFO] [1788825153.008404919] [smoother_server]: Creating smoother server
[amcl-2] [INFO] [1788825153.011936681] [amcl]: 
[amcl-2] 	amcl lifecycle node launched. 
[amcl-2] 	Waiting on external lifecycle transitions to activate
[amcl-2] 	See https://design.ros2.org/articles/node_lifecycle.html for more information.
[waypoint_follower-10] [INFO] [1788825153.012642630] [waypoint_follower]: 
[waypoint_follower-10] 	waypoint_follower lifecycle node launched. 
[waypoint_follower-10] 	Waiting on external lifecycle transitions to activate
[waypoint_follower-10] 	See https://design.ros2.org/articles/node_lifecycle.html for more information.
[amcl-2] [INFO] [1788825153.012911691] [amcl]: Creating
[waypoint_follower-10] [INFO] [1788825153.013029675] [waypoint_follower]: Creating
[behavior_server-8] [INFO] [1788825153.014774886] [behavior_server]: 
[behavior_server-8] 	behavior_server lifecycle node launched. 
[behavior_server-8] 	Waiting on external lifecycle transitions to activate
[behavior_server-8] 	See https://design.ros2.org/articles/node_lifecycle.html for more information.
[lifecycle_manager-3] [INFO] [1788825153.019260067] [lifecycle_manager_localization]: Creating
[opennav_docking-13] [INFO] [1788825153.021715486] [docking_server]: 
[opennav_docking-13] 	docking_server lifecycle node launched. 
[opennav_docking-13] 	Waiting on external lifecycle transitions to activate
[opennav_docking-13] 	See https://design.ros2.org/articles/node_lifecycle.html for more information.
[opennav_docking-13] [INFO] [1788825153.022157504] [docking_server]: Creating docking_server
[lifecycle_manager-3] [INFO] [1788825153.025155655] [lifecycle_manager_localization]: [34m[1mCreating and initializing lifecycle service clients[0m[0m
[collision_monitor-12] [INFO] [1788825153.027616374] [collision_monitor]: 
[collision_monitor-12] 	collision_monitor lifecycle node launched. 
[collision_monitor-12] 	Waiting on external lifecycle transitions to activate
[collision_monitor-12] 	See https://design.ros2.org/articles/node_lifecycle.html for more information.
[map_server-1] [INFO] [1788825153.029208259] [map_server]: 
[map_server-1] 	map_server lifecycle node launched. 
[map_server-1] 	Waiting on external lifecycle transitions to activate
[map_server-1] 	See https://design.ros2.org/articles/node_lifecycle.html for more information.
[map_server-1] [INFO] [1788825153.029276061] [map_server]: Creating
[controller_server-4] [INFO] [1788825153.031783163] [controller_server]: 
[controller_server-4] 	controller_server lifecycle node launched. 
[controller_server-4] 	Waiting on external lifecycle transitions to activate
[controller_server-4] 	See https://design.ros2.org/articles/node_lifecycle.html for more information.
[velocity_smoother-11] [INFO] [1788825153.035821226] [velocity_smoother]: 
[velocity_smoother-11] 	velocity_smoother lifecycle node launched. 
[velocity_smoother-11] 	Waiting on external lifecycle transitions to activate
[velocity_smoother-11] 	See https://design.ros2.org/articles/node_lifecycle.html for more information.
[planner_server-6] [INFO] [1788825153.036255043] [planner_server]: 
[planner_server-6] 	planner_server lifecycle node launched. 
[planner_server-6] 	Waiting on external lifecycle transitions to activate
[planner_server-6] 	See https://design.ros2.org/articles/node_lifecycle.html for more information.
[planner_server-6] [INFO] [1788825153.037628539] [planner_server]: Creating
[bt_navigator-9] [INFO] [1788825153.038205702] [bt_navigator]: 
[bt_navigator-9] 	bt_navigator lifecycle node launched. 
[bt_navigator-9] 	Waiting on external lifecycle transitions to activate
[bt_navigator-9] 	See https://design.ros2.org/articles/node_lifecycle.html for more information.
[lifecycle_manager-14] [INFO] [1788825153.039223413] [lifecycle_manager_navigation]: Creating
[bt_navigator-9] [INFO] [1788825153.039462393] [bt_navigator]: Creating
[controller_server-4] [INFO] [1788825153.041611759] [controller_server]: Creating controller server
[lifecycle_manager-3] [INFO] [1788825153.047834501] [lifecycle_manager_localization]: [34m[1mStarting managed nodes bringup...[0m[0m
[lifecycle_manager-3] [INFO] [1788825153.047883633] [lifecycle_manager_localization]: [34m[1mConfiguring map_server[0m[0m
[map_server-1] [INFO] [1788825153.048087861] [map_server]: Configuring
[map_server-1] [INFO] [1788825153.048154244] [map_io]: Loading yaml file: /home/eao/risk-calibrated-nav/data/development/dev_00/map.yaml
[map_server-1] [INFO] [1788825153.048997798] [map_io]: resolution: 0.05
[map_server-1] [INFO] [1788825153.049017738] [map_io]: origin[0]: -10
[map_server-1] [INFO] [1788825153.049021289] [map_io]: origin[1]: -10
[map_server-1] [INFO] [1788825153.049023599] [map_io]: origin[2]: 0
[map_server-1] [INFO] [1788825153.049026539] [map_io]: free_thresh: 0.196
[map_server-1] [INFO] [1788825153.049028999] [map_io]: occupied_thresh: 0.65
[map_server-1] [INFO] [1788825153.049034209] [map_io]: mode: trinary
[map_server-1] [INFO] [1788825153.049037799] [map_io]: negate: 0
[lifecycle_manager-14] [INFO] [1788825153.049879083] [lifecycle_manager_navigation]: [34m[1mCreating and initializing lifecycle service clients[0m[0m
[planner_server-6] [INFO] [1788825153.050784250] [global_costmap.global_costmap]: 
[planner_server-6] 	global_costmap lifecycle node launched. 
[planner_server-6] 	Waiting on external lifecycle transitions to activate
[planner_server-6] 	See https://design.ros2.org/articles/node_lifecycle.html for more information.
[planner_server-6] [INFO] [1788825153.051389834] [global_costmap.global_costmap]: Creating Costmap
[map_server-1] [INFO] [1788825153.052777670] [map_io]: Loading image_file: /home/eao/risk-calibrated-nav/data/development/dev_00/map.pgm
[map_server-1] [INFO] [1788825153.054707668] [map_io]: Read map /home/eao/risk-calibrated-nav/data/development/dev_00/map.pgm: 384 X 384 map @ 0.05 m/cell
[route_server-7] [INFO] [1788825153.057224720] [route_server]: 
[route_server-7] 	route_server lifecycle node launched. 
[route_server-7] 	Waiting on external lifecycle transitions to activate
[route_server-7] 	See https://design.ros2.org/articles/node_lifecycle.html for more information.
[controller_server-4] [INFO] [1788825153.067568558] [local_costmap.local_costmap]: 
[controller_server-4] 	local_costmap lifecycle node launched. 
[controller_server-4] 	Waiting on external lifecycle transitions to activate
[controller_server-4] 	See https://design.ros2.org/articles/node_lifecycle.html for more information.
[controller_server-4] [INFO] [1788825153.068594079] [local_costmap.local_costmap]: Creating Costmap
[lifecycle_manager-3] [INFO] [1788825153.073193655] [lifecycle_manager_localization]: [34m[1mConfiguring amcl[0m[0m
[amcl-2] [INFO] [1788825153.074587911] [amcl]: Configuring
[amcl-2] [INFO] [1788825153.075051090] [amcl]: initTransforms
[amcl-2] [INFO] [1788825153.079875304] [amcl]: initPubSub
[amcl-2] [INFO] [1788825153.083972230] [amcl]: Subscribed to map topic.
[lifecycle_manager-3] [INFO] [1788825153.086957790] [lifecycle_manager_localization]: [34m[1mActivating map_server[0m[0m
[map_server-1] [INFO] [1788825153.087230331] [map_server]: Activating
[map_server-1] [INFO] [1788825153.087452270] [map_server]: Creating bond (map_server) to lifecycle manager.
[amcl-2] [INFO] [1788825153.089746843] [amcl]: Received a 384 X 384 map @ 0.050 m/pix
[lifecycle_manager-14] [INFO] [1788825153.177486656] [lifecycle_manager_navigation]: [34m[1mStarting managed nodes bringup...[0m[0m
[lifecycle_manager-14] [INFO] [1788825153.177527847] [lifecycle_manager_navigation]: [34m[1mConfiguring controller_server[0m[0m
[controller_server-4] [INFO] [1788825153.178061599] [controller_server]: Configuring controller interface
[controller_server-4] [INFO] [1788825153.178093830] [controller_server]: getting progress checker plugins..
[controller_server-4] [INFO] [1788825153.178630452] [controller_server]: getting goal checker plugins..
[controller_server-4] [INFO] [1788825153.179536548] [controller_server]: Controller frequency set to 20.0000Hz
[controller_server-4] [INFO] [1788825153.179581680] [local_costmap.local_costmap]: Configuring
[controller_server-4] [INFO] [1788825153.190038242] [local_costmap.local_costmap]: Using plugin "voxel_layer"
[lifecycle_manager-3] [INFO] [1788825153.191602386] [lifecycle_manager_localization]: Server map_server connected with bond.
[lifecycle_manager-3] [INFO] [1788825153.191662888] [lifecycle_manager_localization]: [34m[1mActivating amcl[0m[0m
[amcl-2] [INFO] [1788825153.192003342] [amcl]: Activating
[amcl-2] [INFO] [1788825153.192063684] [amcl]: initialPoseReceived
[amcl-2] [INFO] [1788825153.192196890] [amcl]: Setting pose (1788825153.192197): -2.000 -0.500 0.000
[amcl-2] [INFO] [1788825153.193096206] [amcl]: Creating bond (amcl) to lifecycle manager.
[amcl-2] [INFO] [1788825153.197622819] [amcl]: createLaserObject
[controller_server-4] [INFO] [1788825153.201119430] [local_costmap.local_costmap]: Subscribed to Topics: scan
[controller_server-4] [INFO] [1788825153.217462500] [local_costmap.local_costmap]: Initialized plugin "voxel_layer"
[controller_server-4] [INFO] [1788825153.217497651] [local_costmap.local_costmap]: Using plugin "inflation_layer"
[controller_server-4] [INFO] [1788825153.220938340] [local_costmap.local_costmap]: Initialized plugin "inflation_layer"
[controller_server-4] [INFO] [1788825153.246824965] [controller_server]: Created progress_checker : progress_checker of type nav2_controller::SimpleProgressChecker
[controller_server-4] [INFO] [1788825153.250966942] [controller_server]: Controller Server has progress_checker  progress checkers available.
[controller_server-4] [INFO] [1788825153.252581288] [controller_server]: Created goal checker : general_goal_checker of type nav2_controller::SimpleGoalChecker
[controller_server-4] [INFO] [1788825153.254288697] [controller_server]: Controller Server has general_goal_checker  goal checkers available.
[controller_server-4] [INFO] [1788825153.256082809] [controller_server]: Created controller : FollowPath of type nav2_mppi_controller::MPPIController
[controller_server-4] [INFO] [1788825153.263304541] [controller_server]: Controller period is equal to model dt. Control sequence shifting is ON
[controller_server-4] [INFO] [1788825153.268323143] [controller_server]: ConstraintCritic instantiated with 1 power and 4.000000 weight.
[controller_server-4] [INFO] [1788825153.268359455] [controller_server]: Critic loaded : mppi::critics::ConstraintCritic
[controller_server-4] [INFO] [1788825153.272544044] [controller_server]: InflationCostCritic instantiated with 1 power and 300.000000 / 0.015000 weights. Critic will collision check based on circular cost.
[controller_server-4] [INFO] [1788825153.272584915] [controller_server]: Critic loaded : mppi::critics::CostCritic
[controller_server-4] [INFO] [1788825153.274362547] [controller_server]: GoalCritic instantiated with 1 power and 5.000000 weight.
[controller_server-4] [INFO] [1788825153.274387298] [controller_server]: Critic loaded : mppi::critics::GoalCritic
[controller_server-4] [INFO] [1788825153.276881499] [controller_server]: GoalAngleCritic instantiated with 1 power, 3.000000 weight, 0.500000 angular threshold and symmetric_yaw_tolerance disabled
[controller_server-4] [INFO] [1788825153.276906890] [controller_server]: Critic loaded : mppi::critics::GoalAngleCritic
[controller_server-4] [INFO] [1788825153.279985034] [controller_server]: ReferenceTrajectoryCritic instantiated with 1 power and 14.000000 weight
[controller_server-4] [INFO] [1788825153.280019495] [controller_server]: Critic loaded : mppi::critics::PathAlignCritic
[controller_server-4] [INFO] [1788825153.282267486] [controller_server]: Critic loaded : mppi::critics::PathFollowCritic
[controller_server-4] [INFO] [1788825153.284255666] [controller_server]: PathAngleCritic instantiated with 1 power and 2.000000 weight. Mode set to: Forward Preference
[controller_server-4] [INFO] [1788825153.284280927] [controller_server]: Critic loaded : mppi::critics::PathAngleCritic
[controller_server-4] [INFO] [1788825153.284480405] [controller_server]: PreferForwardCritic instantiated with 1 power and 5.000000 weight.
[controller_server-4] [INFO] [1788825153.284492226] [controller_server]: Critic loaded : mppi::critics::PreferForwardCritic
[controller_server-4] [INFO] [1788825153.287479987] [controller_server]: Optimizer reset
[controller_server-4] [INFO] [1788825153.293959308] [MPPIController]: Configured MPPI Controller: FollowPath
[controller_server-4] [INFO] [1788825153.294020481] [controller_server]: Controller Server has FollowPath  controllers available.
[lifecycle_manager-3] [INFO] [1788825153.298354416] [lifecycle_manager_localization]: Server amcl connected with bond.
[lifecycle_manager-3] [INFO] [1788825153.298412618] [lifecycle_manager_localization]: [34m[1mManaged nodes are active[0m[0m
[lifecycle_manager-3] [INFO] [1788825153.298426639] [lifecycle_manager_localization]: [34m[1mCreating bond timer...[0m[0m
[lifecycle_manager-14] [INFO] [1788825153.302569446] [lifecycle_manager_navigation]: [34m[1mConfiguring smoother_server[0m[0m
[smoother_server-5] [INFO] [1788825153.303445341] [smoother_server]: Configuring smoother server
[smoother_server-5] [INFO] [1788825153.320281311] [smoother_server]: Created smoother : simple_smoother of type nav2_smoother::SimpleSmoother
[smoother_server-5] [INFO] [1788825153.320649526] [smoother_server]: Smoother Server has simple_smoother  smoothers available.
[lifecycle_manager-14] [INFO] [1788825153.337922693] [lifecycle_manager_navigation]: [34m[1mConfiguring planner_server[0m[0m
[planner_server-6] [INFO] [1788825153.339087800] [planner_server]: Configuring
[planner_server-6] [INFO] [1788825153.339126792] [global_costmap.global_costmap]: Configuring
[planner_server-6] [INFO] [1788825153.348945308] [global_costmap.global_costmap]: Using plugin "static_layer"
[planner_server-6] [INFO] [1788825153.355126618] [global_costmap.global_costmap]: Subscribing to the map topic (/map) with transient local durability
[planner_server-6] [INFO] [1788825153.357233073] [global_costmap.global_costmap]: Initialized plugin "static_layer"
[planner_server-6] [INFO] [1788825153.357503564] [global_costmap.global_costmap]: Using plugin "obstacle_layer"
[planner_server-6] [INFO] [1788825153.359936472] [global_costmap.global_costmap]: Subscribed to Topics: scan
[planner_server-6] [INFO] [1788825153.370215967] [global_costmap.global_costmap]: Initialized plugin "obstacle_layer"
[planner_server-6] [INFO] [1788825153.370253079] [global_costmap.global_costmap]: Using plugin "inflation_layer"
[planner_server-6] [INFO] [1788825153.372813842] [global_costmap.global_costmap]: Initialized plugin "inflation_layer"
[planner_server-6] [INFO] [1788825153.416223015] [global_costmap.global_costmap]: StaticLayer: Resizing costmap to 384 X 384 at 0.050000 m/pix
[planner_server-6] [INFO] [1788825153.419356101] [planner_server]: Created global planner plugin GridBased of type nav2_navfn_planner::NavfnPlanner
[planner_server-6] [INFO] [1788825153.419787809] [planner_server]: Configuring plugin GridBased of type NavfnPlanner
[planner_server-6] [INFO] [1788825153.422285960] [planner_server]: Planner Server has GridBased  planners available.
[lifecycle_manager-14] [INFO] [1788825153.444887202] [lifecycle_manager_navigation]: [34m[1mConfiguring route_server[0m[0m
[route_server-7] [INFO] [1788825153.445077410] [route_server]: Configuring
[route_server-7] [INFO] [1788825153.484791973] [route_server]: Created GraphFileLoader GeoJsonGraphFileLoader of type nav2_route::GeoJsonGraphFileLoader
[route_server-7] [INFO] [1788825153.484822844] [route_server]: Configuring geojson graph file loader
[route_server-7] [INFO] [1788825153.484829395] [route_server]: No graph file provided to load yet.
[route_server-7] [INFO] [1788825153.493111469] [route_server]: Created edge cost function plugin DistanceScorer of type nav2_route::DistanceScorer
[route_server-7] [INFO] [1788825153.493153741] [route_server]: Configuring distance scorer.
[route_server-7] [INFO] [1788825153.496311328] [route_server]: Created edge cost function plugin CostmapScorer of type nav2_route::CostmapScorer
[route_server-7] [INFO] [1788825153.496340309] [route_server]: Configuring costmap scorer.
[route_server-7] [INFO] [1788825153.501734807] [route_server]: Created route operation AdjustSpeedLimit of type nav2_route::AdjustSpeedLimit
[route_server-7] [INFO] [1788825153.502228257] [route_server]: Configuring Adjust speed limit operation.
[route_server-7] [INFO] [1788825153.505305831] [route_server]: Created route operation ReroutingService of type nav2_route::ReroutingService
[route_server-7] [INFO] [1788825153.505329522] [route_server]: Configuring Rerouting service operation.
[route_server-7] [INFO] [1788825153.511582955] [route_server]: Created route operation CollisionMonitor of type nav2_route::CollisionMonitor
[route_server-7] [INFO] [1788825153.512767093] [route_server]: Using costmap topic: local_costmap/costmap_raw instead of server costmap topic: global_costmap/costmap_raw for CollisionMonitor.
[lifecycle_manager-14] [INFO] [1788825153.520763155] [lifecycle_manager_navigation]: [34m[1mConfiguring behavior_server[0m[0m
[behavior_server-8] [INFO] [1788825153.521175652] [behavior_server]: Configuring
[behavior_server-8] [INFO] [1788825153.531626974] [behavior_server]: Creating behavior plugin spin of type nav2_behaviors::Spin
[behavior_server-8] [INFO] [1788825153.533420837] [behavior_server]: Creating behavior plugin backup of type nav2_behaviors::BackUp
[behavior_server-8] [INFO] [1788825153.534133475] [behavior_server]: Creating behavior plugin drive_on_heading of type nav2_behaviors::DriveOnHeading
[behavior_server-8] [INFO] [1788825153.534737640] [behavior_server]: Creating behavior plugin assisted_teleop of type nav2_behaviors::AssistedTeleop
[behavior_server-8] [INFO] [1788825153.540247612] [behavior_server]: Creating behavior plugin wait of type nav2_behaviors::Wait
[behavior_server-8] [INFO] [1788825153.549825969] [behavior_server]: Configuring spin
[behavior_server-8] [INFO] [1788825153.560533201] [behavior_server]: Configuring backup
[behavior_server-8] [INFO] [1788825153.569908310] [behavior_server]: Configuring drive_on_heading
[behavior_server-8] [INFO] [1788825153.578363871] [behavior_server]: Configuring assisted_teleop
[behavior_server-8] [INFO] [1788825153.593262403] [behavior_server]: Configuring wait
[lifecycle_manager-14] [INFO] [1788825153.600808387] [lifecycle_manager_navigation]: [34m[1mConfiguring velocity_smoother[0m[0m
[velocity_smoother-11] [INFO] [1788825153.601016366] [velocity_smoother]: Configuring velocity smoother
[lifecycle_manager-14] [INFO] [1788825153.606297009] [lifecycle_manager_navigation]: [34m[1mConfiguring collision_monitor[0m[0m
[collision_monitor-12] [INFO] [1788825153.606458595] [collision_monitor]: Configuring
[collision_monitor-12] [INFO] [1788825153.611684586] [collision_monitor]: [scan]: Creating Scan
[collision_monitor-12] [INFO] [1788825153.617191279] [collision_monitor]: [FootprintApproach]: Creating Polygon
[collision_monitor-12] [INFO] [1788825153.617700529] [collision_monitor]: [FootprintApproach]: Polygon points are not defined. Using dynamic subscription instead.
[collision_monitor-12] [INFO] [1788825153.620191720] [collision_monitor]: [FootprintApproach]: Making footprint subscriber on /local_costmap/published_footprint topic
[lifecycle_manager-14] [INFO] [1788825153.628182473] [lifecycle_manager_navigation]: [34m[1mConfiguring bt_navigator[0m[0m
[bt_navigator-9] [INFO] [1788825153.628425942] [bt_navigator]: Configuring
[bt_navigator-9] [INFO] [1788825153.649069646] [bt_navigator]: Creating navigator id navigate_to_pose of type nav2_bt_navigator::NavigateToPoseNavigator
[bt_navigator-9] [INFO] [1788825153.716039310] [bt_navigator]: Creating navigator id navigate_through_poses of type nav2_bt_navigator::NavigateThroughPosesNavigator
[lifecycle_manager-14] [INFO] [1788825153.747169017] [lifecycle_manager_navigation]: [34m[1mConfiguring waypoint_follower[0m[0m
[waypoint_follower-10] [INFO] [1788825153.749123106] [waypoint_follower]: Configuring
[waypoint_follower-10] [INFO] [1788825153.791249836] [waypoint_follower]: Created waypoint_task_executor : wait_at_waypoint of type nav2_waypoint_follower::WaitAtWaypoint
[lifecycle_manager-14] [INFO] [1788825153.794802970] [lifecycle_manager_navigation]: [34m[1mConfiguring docking_server[0m[0m
[opennav_docking-13] [INFO] [1788825153.795071401] [docking_server]: Configuring docking_server
[opennav_docking-13] [INFO] [1788825153.795121343] [docking_server]: Controller frequency set to 50.0000Hz
[opennav_docking-13] [INFO] [1788825153.831513242] [docking_server]: Created charging dock plugin simple_charging_dock of type opennav_docking::SimpleChargingDock
[opennav_docking-13] [WARN] [1788825153.840137920] [docking_server]: Dock database filepath nor dock parameters set. Docking actions can only be executed specifying the dock pose via the action request. Or update the dock database via the reload_database service.
[opennav_docking-13] [INFO] [1788825153.840173401] [docking_server]: Docking Server has 1 dock types and 0 dock instances available.
[lifecycle_manager-14] [INFO] [1788825153.842580459] [lifecycle_manager_navigation]: [34m[1mActivating controller_server[0m[0m
[controller_server-4] [INFO] [1788825153.842714254] [controller_server]: Activating
[controller_server-4] [INFO] [1788825153.842779197] [local_costmap.local_costmap]: Activating
[controller_server-4] [INFO] [1788825153.842790757] [local_costmap.local_costmap]: Checking transform
[controller_server-4] [INFO] [1788825153.842968654] [local_costmap.local_costmap]: start
[controller_server-4] [WARN] [1788825154.094213719] [controller_server]: Parameter controller_server.verbose not found
[controller_server-4] [INFO] [1788825154.095417158] [controller_server]: Optimizer reset
[controller_server-4] [INFO] [1788825154.095609526] [MPPIController]: Activated MPPI Controller: FollowPath
[controller_server-4] [INFO] [1788825154.095631387] [controller_server]: Creating bond (controller_server) to lifecycle manager.
[amcl-2] [INFO] [1788825154.112801650] [amcl]: Message Filter dropping message: frame 'base_scan' at time 1.800 for reason 'the timestamp on the message is earlier than all the data in the transform cache'
[lifecycle_manager-14] [INFO] [1788825154.208910671] [lifecycle_manager_navigation]: Server controller_server connected with bond.
[lifecycle_manager-14] [INFO] [1788825154.208956343] [lifecycle_manager_navigation]: [34m[1mActivating smoother_server[0m[0m
[smoother_server-5] [INFO] [1788825154.209296767] [smoother_server]: Activating
[smoother_server-5] [INFO] [1788825154.209336378] [smoother_server]: Creating bond (smoother_server) to lifecycle manager.
[lifecycle_manager-14] [INFO] [1788825154.317697314] [lifecycle_manager_navigation]: Server smoother_server connected with bond.
[lifecycle_manager-14] [INFO] [1788825154.317757187] [lifecycle_manager_navigation]: [34m[1mActivating planner_server[0m[0m
[planner_server-6] [INFO] [1788825154.318090090] [planner_server]: Activating
[planner_server-6] [INFO] [1788825154.318126492] [global_costmap.global_costmap]: Activating
[planner_server-6] [INFO] [1788825154.318133742] [global_costmap.global_costmap]: Checking transform
[planner_server-6] [INFO] [1788825154.318196004] [global_costmap.global_costmap]: Timed out waiting for transform from base_link to map to become available, tf error: Lookup would require extrapolation into the past.  Requested time 3.060000 but the earliest data is at time 3.100000, when looking up transform from frame [base_link] to frame [map]
[planner_server-6] [INFO] [1788825154.819059841] [global_costmap.global_costmap]: start
[planner_server-6] [INFO] [1788825155.870083121] [planner_server]: Activating plugin GridBased of type NavfnPlanner
[planner_server-6] [INFO] [1788825155.870555250] [planner_server]: Creating bond (planner_server) to lifecycle manager.
[lifecycle_manager-14] [INFO] [1788825155.975281600] [lifecycle_manager_navigation]: Server planner_server connected with bond.
[lifecycle_manager-14] [INFO] [1788825155.975316661] [lifecycle_manager_navigation]: [34m[1mActivating route_server[0m[0m
[route_server-7] [INFO] [1788825155.975575952] [route_server]: Activating
[route_server-7] [INFO] [1788825155.975649845] [route_server]: Creating bond (route_server) to lifecycle manager.
[lifecycle_manager-14] [INFO] [1788825156.080023921] [lifecycle_manager_navigation]: Server route_server connected with bond.
[lifecycle_manager-14] [INFO] [1788825156.080108015] [lifecycle_manager_navigation]: [34m[1mActivating behavior_server[0m[0m
[behavior_server-8] [INFO] [1788825156.080410797] [behavior_server]: Activating
[behavior_server-8] [INFO] [1788825156.080438258] [behavior_server]: Activating spin
[behavior_server-8] [INFO] [1788825156.080449268] [behavior_server]: Activating backup
[behavior_server-8] [INFO] [1788825156.080457549] [behavior_server]: Activating drive_on_heading
[behavior_server-8] [INFO] [1788825156.080465049] [behavior_server]: Activating assisted_teleop
[behavior_server-8] [INFO] [1788825156.080472479] [behavior_server]: Activating wait
[behavior_server-8] [INFO] [1788825156.080483660] [behavior_server]: Creating bond (behavior_server) to lifecycle manager.
[lifecycle_manager-14] [INFO] [1788825156.182711490] [lifecycle_manager_navigation]: Server behavior_server connected with bond.
[lifecycle_manager-14] [INFO] [1788825156.182756071] [lifecycle_manager_navigation]: [34m[1mActivating velocity_smoother[0m[0m
[velocity_smoother-11] [INFO] [1788825156.183102665] [velocity_smoother]: Activating
[velocity_smoother-11] [INFO] [1788825156.183183509] [velocity_smoother]: Creating bond (velocity_smoother) to lifecycle manager.
[lifecycle_manager-14] [INFO] [1788825156.287258923] [lifecycle_manager_navigation]: Server velocity_smoother connected with bond.
[lifecycle_manager-14] [INFO] [1788825156.287294024] [lifecycle_manager_navigation]: [34m[1mActivating collision_monitor[0m[0m
[collision_monitor-12] [INFO] [1788825156.288165530] [collision_monitor]: Activating
[collision_monitor-12] [INFO] [1788825156.288220652] [collision_monitor]: Creating bond (collision_monitor) to lifecycle manager.
[lifecycle_manager-14] [INFO] [1788825156.393601259] [lifecycle_manager_navigation]: Server collision_monitor connected with bond.
[lifecycle_manager-14] [INFO] [1788825156.393640680] [lifecycle_manager_navigation]: [34m[1mActivating bt_navigator[0m[0m
[bt_navigator-9] [INFO] [1788825156.393923682] [bt_navigator]: Activating
[bt_navigator-9] [INFO] [1788825156.433464629] [bt_navigator]: Creating bond (bt_navigator) to lifecycle manager.
[lifecycle_manager-14] [INFO] [1788825156.536853616] [lifecycle_manager_navigation]: Server bt_navigator connected with bond.
[lifecycle_manager-14] [INFO] [1788825156.536901728] [lifecycle_manager_navigation]: [34m[1mActivating waypoint_follower[0m[0m
[waypoint_follower-10] [INFO] [1788825156.537294843] [waypoint_follower]: Activating
[waypoint_follower-10] [INFO] [1788825156.537343885] [waypoint_follower]: Creating bond (waypoint_follower) to lifecycle manager.
[lifecycle_manager-14] [INFO] [1788825156.644159861] [lifecycle_manager_navigation]: Server waypoint_follower connected with bond.
[lifecycle_manager-14] [INFO] [1788825156.644198142] [lifecycle_manager_navigation]: [34m[1mActivating docking_server[0m[0m
[opennav_docking-13] [INFO] [1788825156.644540436] [docking_server]: Activating docking_server
[opennav_docking-13] [INFO] [1788825156.651975266] [docking_server]: Creating bond (docking_server) to lifecycle manager.
[lifecycle_manager-14] [INFO] [1788825156.759717069] [lifecycle_manager_navigation]: Server docking_server connected with bond.
[lifecycle_manager-14] [INFO] [1788825156.759769761] [lifecycle_manager_navigation]: [34m[1mManaged nodes are active[0m[0m
[lifecycle_manager-14] [INFO] [1788825156.759779301] [lifecycle_manager_navigation]: [34m[1mCreating bond timer...[0m[0m
[amcl-2] [WARN] [1788825156.789133007] [tf2_buffer]: Detected time source change. Clearing TF buffer.
[controller_server-4] [WARN] [1788825156.845182451] [controller_server]: Parameter use_sim_time not found
[controller_server-4] [INFO] [1788825156.846638100] [controller_server]: Optimizer reset
[controller_server-4] [WARN] [1788825156.848613170] [controller_server]: Parameter qos_overrides./clock.subscription.durability not found
[controller_server-4] [INFO] [1788825156.849102720] [controller_server]: Optimizer reset
[controller_server-4] [WARN] [1788825156.849234295] [controller_server]: Parameter qos_overrides./clock.subscription.history not found
[controller_server-4] [INFO] [1788825156.851762537] [controller_server]: Optimizer reset
[controller_server-4] [WARN] [1788825156.852952425] [controller_server]: Parameter qos_overrides./clock.subscription.depth not found
[controller_server-4] [INFO] [1788825156.854695816] [controller_server]: Optimizer reset
[controller_server-4] [WARN] [1788825156.854825591] [controller_server]: Parameter qos_overrides./clock.subscription.reliability not found
[controller_server-4] [INFO] [1788825156.855213217] [controller_server]: Optimizer reset
[smoother_server-5] [WARN] [1788825156.899029977] [tf2_buffer]: Detected time source change. Clearing TF buffer.
[route_server-7] [WARN] [1788825157.014393137] [tf2_buffer]: Detected time source change. Clearing TF buffer.
[behavior_server-8] [WARN] [1788825157.079562650] [tf2_buffer]: Detected time source change. Clearing TF buffer.
[collision_monitor-12] [WARN] [1788825157.190564265] [tf2_buffer]: Detected time source change. Clearing TF buffer.
[bt_navigator-9] [WARN] [1788825157.242879659] [tf2_buffer]: Detected time source change. Clearing TF buffer.
[opennav_docking-13] [WARN] [1788825157.357568503] [tf2_buffer]: Detected time source change. Clearing TF buffer.
[planner_server-6] [WARN] [1788825160.787876401] [planner_server]: No planners specified in action call. Server will use only plugin GridBased  in server. This warning will appear once.
[bt_navigator-9] [INFO] [1788825160.801084265] [bt_navigator]: Begin navigating from current location (-2.00, -0.50) to (1.00, -0.50)
[controller_server-4] [INFO] [1788825160.828019324] [controller_server]: Received a goal, begin computing control effort.
[controller_server-4] [WARN] [1788825160.828064676] [controller_server]: No goal checker was specified in parameter 'current_goal_checker'. Server will use only plugin loaded general_goal_checker . This warning will appear once.
[controller_server-4] [WARN] [1788825160.828073906] [controller_server]: No progress checker was specified in parameter 'current_progress_checker'. Server will use only plugin loaded progress_checker . This warning will appear once.
[controller_server-4] [INFO] [1788825161.879230396] [controller_server]: Passing new path to controller.
[controller_server-4] [INFO] [1788825162.878190113] [controller_server]: Passing new path to controller.
[controller_server-4] [INFO] [1788825163.928190392] [controller_server]: Passing new path to controller.
[controller_server-4] [INFO] [1788825164.978269091] [controller_server]: Passing new path to controller.
[controller_server-4] [INFO] [1788825165.978246891] [controller_server]: Passing new path to controller.
[controller_server-4] [INFO] [1788825166.978194197] [controller_server]: Passing new path to controller.
[controller_server-4] [INFO] [1788825168.028185785] [controller_server]: Passing new path to controller.
[controller_server-4] [INFO] [1788825169.028187918] [controller_server]: Passing new path to controller.
[controller_server-4] [INFO] [1788825170.079740724] [controller_server]: Passing new path to controller.
[controller_server-4] [INFO] [1788825170.286026218] [controller_server]: Reached the goal!
[controller_server-4] [INFO] [1788825170.287106552] [controller_server]: Optimizer reset
[bt_navigator-9] [INFO] [1788825170.312294992] [bt_navigator]: Goal succeeded
[lifecycle_manager-14] [INFO] [1788825170.590429825] [lifecycle_manager_navigation]: [34m[1mTerminating bond timer...[0m[0m
[lifecycle_manager-14] [INFO] [1788825170.590485207] [lifecycle_manager_navigation]: [34m[1mShutting down managed nodes...[0m[0m
[lifecycle_manager-14] [INFO] [1788825170.590490357] [lifecycle_manager_navigation]: [34m[1mDeactivate, cleanup, and shutdown nodes[0m[0m
[lifecycle_manager-14] [INFO] [1788825170.590494598] [lifecycle_manager_navigation]: [34m[1mDeactivating docking_server[0m[0m
[opennav_docking-13] [INFO] [1788825170.590858452] [docking_server]: Deactivating docking_server
[opennav_docking-13] [INFO] [1788825170.608059659] [docking_server]: Destroying bond (docking_server) to lifecycle manager.
[lifecycle_manager-14] [INFO] [1788825170.776605334] [lifecycle_manager_navigation]: [34m[1mDeactivating waypoint_follower[0m[0m
[waypoint_follower-10] [INFO] [1788825170.777296322] [waypoint_follower]: Deactivating
[waypoint_follower-10] [INFO] [1788825170.777345214] [waypoint_follower]: Destroying bond (waypoint_follower) to lifecycle manager.
[lifecycle_manager-14] [INFO] [1788825170.954627064] [lifecycle_manager_navigation]: [34m[1mDeactivating bt_navigator[0m[0m
[bt_navigator-9] [INFO] [1788825170.955462538] [bt_navigator]: Deactivating
[bt_navigator-9] [INFO] [1788825170.955647355] [bt_navigator]: Destroying bond (bt_navigator) to lifecycle manager.
[lifecycle_manager-14] [INFO] [1788825171.157476599] [lifecycle_manager_navigation]: [34m[1mDeactivating collision_monitor[0m[0m
[collision_monitor-12] [INFO] [1788825171.164257634] [collision_monitor]: Deactivating
[collision_monitor-12] [INFO] [1788825171.164299766] [collision_monitor]: Destroying bond (collision_monitor) to lifecycle manager.
[lifecycle_manager-14] [INFO] [1788825171.328972115] [lifecycle_manager_navigation]: [34m[1mDeactivating velocity_smoother[0m[0m
[velocity_smoother-11] [INFO] [1788825171.329357181] [velocity_smoother]: Deactivating
[velocity_smoother-11] [INFO] [1788825171.329427544] [velocity_smoother]: Destroying bond (velocity_smoother) to lifecycle manager.
[lifecycle_manager-14] [INFO] [1788825171.504814387] [lifecycle_manager_navigation]: [34m[1mDeactivating behavior_server[0m[0m
[behavior_server-8] [INFO] [1788825171.505561098] [behavior_server]: Deactivating
[behavior_server-8] [INFO] [1788825171.505616650] [behavior_server]: Destroying bond (behavior_server) to lifecycle manager.
[lifecycle_manager-14] [INFO] [1788825171.697375846] [lifecycle_manager_navigation]: [34m[1mDeactivating route_server[0m[0m
[route_server-7] [INFO] [1788825171.698704310] [route_server]: Deactivating
[route_server-7] [INFO] [1788825171.698797874] [route_server]: Destroying bond (route_server) to lifecycle manager.
[lifecycle_manager-14] [INFO] [1788825171.892419186] [lifecycle_manager_navigation]: [34m[1mDeactivating planner_server[0m[0m
[planner_server-6] [INFO] [1788825171.892896326] [planner_server]: Deactivating
[planner_server-6] [INFO] [1788825171.893087233] [global_costmap.global_costmap]: Deactivating
[planner_server-6] [INFO] [1788825172.819560304] [planner_server]: Deactivating plugin GridBased of type NavfnPlanner
[planner_server-6] [INFO] [1788825172.819633247] [planner_server]: Destroying bond (planner_server) to lifecycle manager.
[lifecycle_manager-14] [INFO] [1788825172.938605186] [lifecycle_manager_navigation]: [34m[1mDeactivating smoother_server[0m[0m
[smoother_server-5] [INFO] [1788825172.941182561] [smoother_server]: Deactivating
[smoother_server-5] [INFO] [1788825172.941223292] [smoother_server]: Destroying bond (smoother_server) to lifecycle manager.
[lifecycle_manager-14] [INFO] [1788825173.129207628] [lifecycle_manager_navigation]: [34m[1mDeactivating controller_server[0m[0m
[controller_server-4] [INFO] [1788825173.130248170] [controller_server]: Deactivating
[controller_server-4] [INFO] [1788825173.130294412] [MPPIController]: Deactivated MPPI Controller: FollowPath
[controller_server-4] [INFO] [1788825173.130424307] [local_costmap.local_costmap]: Deactivating
[controller_server-4] [INFO] [1788825173.244241839] [controller_server]: Destroying bond (controller_server) to lifecycle manager.
[lifecycle_manager-14] [INFO] [1788825173.373546428] [lifecycle_manager_navigation]: [34m[1mCleaning up docking_server[0m[0m
[opennav_docking-13] [INFO] [1788825173.379263589] [docking_server]: Cleaning up docking_server
[lifecycle_manager-14] [INFO] [1788825173.437420616] [lifecycle_manager_navigation]: [34m[1mCleaning up waypoint_follower[0m[0m
[waypoint_follower-10] [INFO] [1788825173.439286501] [waypoint_follower]: Cleaning up
[lifecycle_manager-14] [INFO] [1788825173.521889528] [lifecycle_manager_navigation]: [34m[1mCleaning up bt_navigator[0m[0m
[bt_navigator-9] [INFO] [1788825173.525331357] [bt_navigator]: Cleaning up
[bt_navigator-9] [INFO] [1788825173.834916471] [bt_navigator]: Completed Cleaning up
[lifecycle_manager-14] [INFO] [1788825173.838736555] [lifecycle_manager_navigation]: [34m[1mCleaning up collision_monitor[0m[0m
[collision_monitor-12] [INFO] [1788825173.839179993] [collision_monitor]: Cleaning up
[collision_monitor-12] [INFO] [1788825173.844681886] [collision_monitor]: [FootprintApproach]: Destroying Polygon
[collision_monitor-12] [INFO] [1788825173.846361314] [collision_monitor]: [scan]: Destroying Scan
[lifecycle_manager-14] [INFO] [1788825173.861845432] [lifecycle_manager_navigation]: [34m[1mCleaning up velocity_smoother[0m[0m
[velocity_smoother-11] [INFO] [1788825173.862560321] [velocity_smoother]: Cleaning up
[lifecycle_manager-14] [INFO] [1788825173.867202429] [lifecycle_manager_navigation]: [34m[1mCleaning up behavior_server[0m[0m
[behavior_server-8] [INFO] [1788825173.867783512] [behavior_server]: Cleaning up
[lifecycle_manager-14] [INFO] [1788825173.981894976] [lifecycle_manager_navigation]: [34m[1mCleaning up route_server[0m[0m
[route_server-7] [INFO] [1788825173.982145756] [route_server]: Cleaning up
[lifecycle_manager-14] [INFO] [1788825174.043955901] [lifecycle_manager_navigation]: [34m[1mCleaning up planner_server[0m[0m
[planner_server-6] [INFO] [1788825174.044921410] [planner_server]: Cleaning up
[planner_server-6] [INFO] [1788825174.074654225] [global_costmap.global_costmap]: Cleaning up
[planner_server-6] [INFO] [1788825174.088196364] [planner_server]: Cleaning up plugin GridBased of type NavfnPlanner
[planner_server-6] [INFO] [1788825174.089334120] [planner_server]: Destroying plugin GridBased of type NavfnPlanner
[lifecycle_manager-14] [INFO] [1788825174.157263463] [lifecycle_manager_navigation]: [34m[1mCleaning up smoother_server[0m[0m
[smoother_server-5] [INFO] [1788825174.158129808] [smoother_server]: Cleaning up
[lifecycle_manager-14] [INFO] [1788825174.198149510] [lifecycle_manager_navigation]: [34m[1mCleaning up controller_server[0m[0m
[controller_server-4] [INFO] [1788825174.198393930] [controller_server]: Cleaning up
[controller_server-4] [INFO] [1788825174.206252608] [MPPIController]: Cleaned up MPPI Controller: FollowPath
[controller_server-4] [INFO] [1788825174.206581331] [local_costmap.local_costmap]: Cleaning up
[lifecycle_manager-14] [INFO] [1788825174.286304662] [lifecycle_manager_navigation]: [34m[1mShutting down docking_server[0m[0m
[opennav_docking-13] [INFO] [1788825174.287966979] [docking_server]: Shutting down docking_server
[lifecycle_manager-14] [INFO] [1788825174.289668878] [lifecycle_manager_navigation]: [34m[1mShutting down waypoint_follower[0m[0m
[waypoint_follower-10] [INFO] [1788825174.292197571] [waypoint_follower]: Shutting down
[lifecycle_manager-14] [INFO] [1788825174.293069816] [lifecycle_manager_navigation]: [34m[1mShutting down bt_navigator[0m[0m
[bt_navigator-9] [INFO] [1788825174.293262214] [bt_navigator]: Shutting down
[lifecycle_manager-14] [INFO] [1788825174.293521014] [lifecycle_manager_navigation]: [34m[1mShutting down collision_monitor[0m[0m
[collision_monitor-12] [INFO] [1788825174.293676351] [collision_monitor]: Shutting down
[lifecycle_manager-14] [INFO] [1788825174.295156121] [lifecycle_manager_navigation]: [34m[1mShutting down velocity_smoother[0m[0m
[velocity_smoother-11] [INFO] [1788825174.295828288] [velocity_smoother]: Shutting down
[lifecycle_manager-14] [INFO] [1788825174.299473456] [lifecycle_manager_navigation]: [34m[1mShutting down behavior_server[0m[0m
[behavior_server-8] [INFO] [1788825174.300871712] [behavior_server]: Shutting down
[lifecycle_manager-14] [INFO] [1788825174.301593261] [lifecycle_manager_navigation]: [34m[1mShutting down route_server[0m[0m
[route_server-7] [INFO] [1788825174.302653665] [route_server]: Shutting down
[lifecycle_manager-14] [INFO] [1788825174.303967258] [lifecycle_manager_navigation]: [34m[1mShutting down planner_server[0m[0m
[planner_server-6] [INFO] [1788825174.304477268] [planner_server]: Shutting down
[lifecycle_manager-14] [INFO] [1788825174.305356264] [lifecycle_manager_navigation]: [34m[1mShutting down smoother_server[0m[0m
[smoother_server-5] [INFO] [1788825174.307964670] [smoother_server]: Shutting down
[lifecycle_manager-14] [INFO] [1788825174.311455641] [lifecycle_manager_navigation]: [34m[1mShutting down controller_server[0m[0m
[controller_server-4] [INFO] [1788825174.314051476] [controller_server]: Shutting down
[lifecycle_manager-14] [INFO] [1788825174.318185084] [lifecycle_manager_navigation]: [34m[1mDestroying lifecycle service clients[0m[0m
[lifecycle_manager-14] [INFO] [1788825174.554932778] [lifecycle_manager_navigation]: [34m[1mManaged nodes have been shut down[0m[0m
[lifecycle_manager-3] [INFO] [1788825174.602844000] [lifecycle_manager_localization]: [34m[1mTerminating bond timer...[0m[0m
[lifecycle_manager-3] [INFO] [1788825174.602937924] [lifecycle_manager_localization]: [34m[1mShutting down managed nodes...[0m[0m
[lifecycle_manager-3] [INFO] [1788825174.602946104] [lifecycle_manager_localization]: [34m[1mDeactivate, cleanup, and shutdown nodes[0m[0m
[lifecycle_manager-3] [INFO] [1788825174.602952394] [lifecycle_manager_localization]: [34m[1mDeactivating amcl[0m[0m
[amcl-2] [INFO] [1788825174.603253506] [amcl]: Deactivating
[amcl-2] [INFO] [1788825174.603296078] [amcl]: Destroying bond (amcl) to lifecycle manager.
[lifecycle_manager-3] [INFO] [1788825174.810065267] [lifecycle_manager_localization]: [34m[1mDeactivating map_server[0m[0m
[map_server-1] [INFO] [1788825174.811488575] [map_server]: Deactivating
[map_server-1] [INFO] [1788825174.811539377] [map_server]: Destroying bond (map_server) to lifecycle manager.
[lifecycle_manager-3] [INFO] [1788825175.008386694] [lifecycle_manager_localization]: [34m[1mCleaning up amcl[0m[0m
[amcl-2] [INFO] [1788825175.008784840] [amcl]: Cleaning up
[lifecycle_manager-3] [INFO] [1788825175.040310268] [lifecycle_manager_localization]: [34m[1mCleaning up map_server[0m[0m
[map_server-1] [INFO] [1788825175.040792137] [map_server]: Cleaning up
[lifecycle_manager-3] [INFO] [1788825175.047314362] [lifecycle_manager_localization]: [34m[1mShutting down amcl[0m[0m
[amcl-2] [INFO] [1788825175.047497229] [amcl]: Shutting down
[lifecycle_manager-3] [INFO] [1788825175.047681997] [lifecycle_manager_localization]: [34m[1mShutting down map_server[0m[0m
[map_server-1] [INFO] [1788825175.048071543] [map_server]: Shutting down
[lifecycle_manager-3] [INFO] [1788825175.048275831] [lifecycle_manager_localization]: [34m[1mDestroying lifecycle service clients[0m[0m
[lifecycle_manager-3] [INFO] [1788825175.248914313] [lifecycle_manager_localization]: [34m[1mManaged nodes have been shut down[0m[0m
[WARNING] [launch]: user interrupted with ctrl-c (SIGINT)
[INFO] [lifecycle_manager-14]: sending signal 'SIGINT' to process[lifecycle_manager-14]
[INFO] [opennav_docking-13]: sending signal 'SIGINT' to process[opennav_docking-13]
[INFO] [collision_monitor-12]: sending signal 'SIGINT' to process[collision_monitor-12]
[INFO] [velocity_smoother-11]: sending signal 'SIGINT' to process[velocity_smoother-11]
[INFO] [waypoint_follower-10]: sending signal 'SIGINT' to process[waypoint_follower-10]
[INFO] [bt_navigator-9]: sending signal 'SIGINT' to process[bt_navigator-9]
[INFO] [behavior_server-8]: sending signal 'SIGINT' to process[behavior_server-8]
[INFO] [route_server-7]: sending signal 'SIGINT' to process[route_server-7]
[INFO] [planner_server-6]: sending signal 'SIGINT' to process[planner_server-6]
[INFO] [smoother_server-5]: sending signal 'SIGINT' to process[smoother_server-5]
[INFO] [controller_server-4]: sending signal 'SIGINT' to process[controller_server-4]
[INFO] [lifecycle_manager-3]: sending signal 'SIGINT' to process[lifecycle_manager-3]
[INFO] [amcl-2]: sending signal 'SIGINT' to process[amcl-2]
[INFO] [map_server-1]: sending signal 'SIGINT' to process[map_server-1]
[lifecycle_manager-14] [INFO] [1788825177.305586000] [rclcpp]: signal_handler(SIGINT/SIGTERM)
[lifecycle_manager-14] [INFO] [1788825177.305691015] [lifecycle_manager_navigation]: Running Nav2 LifecycleManager rcl preshutdown (lifecycle_manager_navigation)
[opennav_docking-13] [INFO] [1788825177.310370144] [rclcpp]: signal_handler(SIGINT/SIGTERM)
[opennav_docking-13] [INFO] [1788825177.310419046] [docking_server]: Running Nav2 LifecycleNode rcl preshutdown (docking_server)
[opennav_docking-13] [INFO] [1788825177.310465948] [docking_server]: Destroying bond (docking_server) to lifecycle manager.
[lifecycle_manager-14] [INFO] [1788825177.311269311] [lifecycle_manager_navigation]: Destroying lifecycle_manager_navigation
[opennav_docking-13] [INFO] [1788825177.312327184] [docking_server]: Destroying
[collision_monitor-12] [INFO] [1788825177.316225782] [rclcpp]: signal_handler(SIGINT/SIGTERM)
[collision_monitor-12] [INFO] [1788825177.316276614] [collision_monitor]: Running Nav2 LifecycleNode rcl preshutdown (collision_monitor)
[collision_monitor-12] [INFO] [1788825177.316348007] [collision_monitor]: Destroying bond (collision_monitor) to lifecycle manager.
[collision_monitor-12] [INFO] [1788825177.319961843] [collision_monitor]: Destroying
[velocity_smoother-11] [INFO] [1788825177.325762638] [rclcpp]: signal_handler(SIGINT/SIGTERM)
[velocity_smoother-11] [INFO] [1788825177.325837792] [velocity_smoother]: Running Nav2 LifecycleNode rcl preshutdown (velocity_smoother)
[velocity_smoother-11] [INFO] [1788825177.326309981] [velocity_smoother]: Destroying bond (velocity_smoother) to lifecycle manager.
[velocity_smoother-11] [INFO] [1788825177.330091884] [velocity_smoother]: Destroying
[waypoint_follower-10] [INFO] [1788825177.340668783] [rclcpp]: signal_handler(SIGINT/SIGTERM)
[waypoint_follower-10] [INFO] [1788825177.340751026] [waypoint_follower]: Running Nav2 LifecycleNode rcl preshutdown (waypoint_follower)
[waypoint_follower-10] [INFO] [1788825177.340786798] [waypoint_follower]: Destroying bond (waypoint_follower) to lifecycle manager.
[waypoint_follower-10] [INFO] [1788825177.344179015] [waypoint_follower]: Destroying
[bt_navigator-9] [INFO] [1788825177.360214355] [rclcpp]: signal_handler(SIGINT/SIGTERM)
[bt_navigator-9] [INFO] [1788825177.360280558] [bt_navigator]: Running Nav2 LifecycleNode rcl preshutdown (bt_navigator)
[bt_navigator-9] [INFO] [1788825177.360374442] [bt_navigator]: Destroying bond (bt_navigator) to lifecycle manager.
[bt_navigator-9] [INFO] [1788825177.362810060] [bt_navigator]: Destroying
[behavior_server-8] [INFO] [1788825177.370573265] [rclcpp]: signal_handler(SIGINT/SIGTERM)
[behavior_server-8] [INFO] [1788825177.370630358] [behavior_server]: Running Nav2 LifecycleNode rcl preshutdown (behavior_server)
[behavior_server-8] [INFO] [1788825177.370697520] [behavior_server]: Destroying bond (behavior_server) to lifecycle manager.
[behavior_server-8] [INFO] [1788825177.372749244] [behavior_server]: Destroying
[route_server-7] [INFO] [1788825177.373366139] [rclcpp]: signal_handler(SIGINT/SIGTERM)
[route_server-7] [INFO] [1788825177.373411680] [route_server]: Running Nav2 LifecycleNode rcl preshutdown (route_server)
[route_server-7] [INFO] [1788825177.373555326] [route_server]: Destroying bond (route_server) to lifecycle manager.
[planner_server-6] [INFO] [1788825177.373887200] [rclcpp]: signal_handler(SIGINT/SIGTERM)
[planner_server-6] [INFO] [1788825177.374296826] [planner_server]: Running Nav2 LifecycleNode rcl preshutdown (planner_server)
[planner_server-6] [INFO] [1788825177.374337668] [planner_server]: Destroying bond (planner_server) to lifecycle manager.
[smoother_server-5] [INFO] [1788825177.375475644] [rclcpp]: signal_handler(SIGINT/SIGTERM)
[smoother_server-5] [INFO] [1788825177.375553727] [smoother_server]: Running Nav2 LifecycleNode rcl preshutdown (smoother_server)
[smoother_server-5] [INFO] [1788825177.375621540] [smoother_server]: Destroying bond (smoother_server) to lifecycle manager.
[smoother_server-5] [INFO] [1788825177.376764496] [smoother_server]: Destroying
[planner_server-6] [INFO] [1788825177.379310189] [global_costmap.global_costmap]: Destroying
[route_server-7] [INFO] [1788825177.379897603] [route_server]: Destroying
[lifecycle_manager-3] [INFO] [1788825177.382506899] [rclcpp]: signal_handler(SIGINT/SIGTERM)
[lifecycle_manager-3] [INFO] [1788825177.382609173] [lifecycle_manager_localization]: Running Nav2 LifecycleManager rcl preshutdown (lifecycle_manager_localization)
[controller_server-4] [INFO] [1788825177.383325212] [rclcpp]: signal_handler(SIGINT/SIGTERM)
[controller_server-4] [INFO] [1788825177.383374624] [controller_server]: Running Nav2 LifecycleNode rcl preshutdown (controller_server)
[controller_server-4] [INFO] [1788825177.383413266] [controller_server]: Destroying bond (controller_server) to lifecycle manager.
[amcl-2] [INFO] [1788825177.384061752] [rclcpp]: signal_handler(SIGINT/SIGTERM)
[amcl-2] [INFO] [1788825177.384117404] [amcl]: Running Nav2 LifecycleNode rcl preshutdown (amcl)
[map_server-1] [INFO] [1788825177.384081803] [rclcpp]: signal_handler(SIGINT/SIGTERM)
[amcl-2] [INFO] [1788825177.384191827] [amcl]: Destroying bond (amcl) to lifecycle manager.
[map_server-1] [INFO] [1788825177.384832344] [map_server]: Running Nav2 LifecycleNode rcl preshutdown (map_server)
[map_server-1] [INFO] [1788825177.384898496] [map_server]: Destroying bond (map_server) to lifecycle manager.
[lifecycle_manager-3] [INFO] [1788825177.385834514] [lifecycle_manager_localization]: Destroying lifecycle_manager_localization
[map_server-1] [INFO] [1788825177.388242252] [map_server]: Destroying
[amcl-2] [INFO] [1788825177.390795725] [amcl]: Destroying
[controller_server-4] [INFO] [1788825177.393491144] [local_costmap.local_costmap]: Destroying
[planner_server-6] [INFO] [1788825177.414175553] [planner_server]: Destroying
[controller_server-4] [INFO] [1788825177.431426653] [controller_server]: Destroying
[INFO] [collision_monitor-12]: process has finished cleanly [pid 160188]
[INFO] [velocity_smoother-11]: process has finished cleanly [pid 160187]
[INFO] [lifecycle_manager-14]: process has finished cleanly [pid 160194]
[INFO] [waypoint_follower-10]: process has finished cleanly [pid 160186]
[INFO] [opennav_docking-13]: process has finished cleanly [pid 160191]
[INFO] [bt_navigator-9]: process has finished cleanly [pid 160185]
[INFO] [lifecycle_manager-3]: process has finished cleanly [pid 160179]
[INFO] [planner_server-6]: process has finished cleanly [pid 160182]
[INFO] [controller_server-4]: process has finished cleanly [pid 160180]
[INFO] [route_server-7]: process has finished cleanly [pid 160183]
[INFO] [amcl-2]: process has finished cleanly [pid 160178]
[INFO] [smoother_server-5]: process has finished cleanly [pid 160181]
[INFO] [behavior_server-8]: process has finished cleanly [pid 160184]
[INFO] [map_server-1]: process has finished cleanly [pid 160177]
