[INFO] [launch]: All log files can be found below /home/eao/lusn-robot-navigation/ros_ws/log/ros/2026-09-08-10-57-06-222046-eao-workstation-1319539
[INFO] [launch]: Default logging verbosity is set to INFO
[INFO] [gz-1]: process started with pid [1319550]
[INFO] [create-2]: process started with pid [1319551]
[INFO] [parameter_bridge-3]: process started with pid [1319552]
[INFO] [robot_state_publisher-4]: process started with pid [1319553]
[robot_state_publisher-4] [INFO] [1788861426.327229243] [robot_state_publisher]: Robot initialized
[create-2] [INFO] [1788861426.328129855] [ros_gz_sim]: Requesting list of world names.
[create-2] [INFO] [1788861426.760455645] [ros_gz_sim]: Entity creation successful.
[INFO] [create-2]: process has finished cleanly [pid 1319551]
[parameter_bridge-3] [INFO] [1788861427.334911094] [ros_gz_bridge]: Creating GZ->ROS Bridge: [/clock (gz.msgs.Clock) -> /clock (rosgraph_msgs/msg/Clock)] (Lazy 0)
[parameter_bridge-3] [INFO] [1788861427.335305106] [ros_gz_bridge]: Creating GZ->ROS Bridge: [/joint_states (gz.msgs.Model) -> joint_states (sensor_msgs/msg/JointState)] (Lazy 0)
[parameter_bridge-3] [INFO] [1788861427.336174438] [ros_gz_bridge]: Creating GZ->ROS Bridge: [/odom (gz.msgs.Odometry) -> odom (nav_msgs/msg/Odometry)] (Lazy 0)
[parameter_bridge-3] [INFO] [1788861427.336585080] [ros_gz_bridge]: Creating GZ->ROS Bridge: [/tf (gz.msgs.Pose_V) -> tf (tf2_msgs/msg/TFMessage)] (Lazy 0)
[parameter_bridge-3] [INFO] [1788861427.336961901] [ros_gz_bridge]: Creating GZ->ROS Bridge: [/imu (gz.msgs.IMU) -> imu (sensor_msgs/msg/Imu)] (Lazy 0)
[parameter_bridge-3] [INFO] [1788861427.337099711] [ros_gz_bridge]: Creating GZ->ROS Bridge: [/scan (gz.msgs.LaserScan) -> scan (sensor_msgs/msg/LaserScan)] (Lazy 0)
[parameter_bridge-3] [INFO] [1788861427.337218752] [ros_gz_bridge]: Creating ROS->GZ Bridge: [cmd_vel (geometry_msgs/msg/Twist) -> /cmd_vel (gz.msgs.Twist)] (Lazy 0)
[parameter_bridge-3] [INFO] [1788861427.337494503] [ros_gz_bridge]: Creating GZ->ROS Bridge: [/camera/image (gz.msgs.Image) -> camera/image (sensor_msgs/msg/Image)] (Lazy 0)
[parameter_bridge-3] [INFO] [1788861427.337612253] [ros_gz_bridge]: Creating GZ->ROS Bridge: [/camera/depth_image (gz.msgs.Image) -> camera/depth_image (sensor_msgs/msg/Image)] (Lazy 0)
[parameter_bridge-3] [INFO] [1788861427.337710023] [ros_gz_bridge]: Creating GZ->ROS Bridge: [/camera/camera_info (gz.msgs.CameraInfo) -> camera/camera_info (sensor_msgs/msg/CameraInfo)] (Lazy 0)
[parameter_bridge-3] [INFO] [1788861427.337829054] [ros_gz_bridge]: Creating GZ->ROS Bridge: [/camera/segmentation/labels_map (gz.msgs.Image) -> camera/segmentation (sensor_msgs/msg/Image)] (Lazy 0)
[parameter_bridge-3] [INFO] [1788861427.337921274] [ros_gz_bridge]: Creating GZ->ROS Bridge: [/world/default/model/turtlebot3_waffle/link/base_link/sensor/base_contact/contact (gz.msgs.Contacts) -> collision_raw/base_contact (ros_gz_interfaces/msg/Contacts)] (Lazy 0)
[parameter_bridge-3] [INFO] [1788861427.338385905] [ros_gz_bridge]: Creating GZ->ROS Bridge: [/world/default/model/turtlebot3_waffle/link/wheel_left_link/sensor/wheel_left_contact/contact (gz.msgs.Contacts) -> collision_raw/wheel_left_contact (ros_gz_interfaces/msg/Contacts)] (Lazy 0)
[parameter_bridge-3] [INFO] [1788861427.338521286] [ros_gz_bridge]: Creating GZ->ROS Bridge: [/world/default/model/turtlebot3_waffle/link/wheel_right_link/sensor/wheel_right_contact/contact (gz.msgs.Contacts) -> collision_raw/wheel_right_contact (ros_gz_interfaces/msg/Contacts)] (Lazy 0)
[parameter_bridge-3] [INFO] [1788861427.338655466] [ros_gz_bridge]: Creating GZ->ROS Bridge: [/world/default/model/turtlebot3_waffle/link/caster_back_right_link/sensor/caster_back_right_contact/contact (gz.msgs.Contacts) -> collision_raw/caster_back_right_contact (ros_gz_interfaces/msg/Contacts)] (Lazy 0)
[parameter_bridge-3] [INFO] [1788861427.338775296] [ros_gz_bridge]: Creating GZ->ROS Bridge: [/world/default/model/turtlebot3_waffle/link/caster_back_left_link/sensor/caster_back_left_contact/contact (gz.msgs.Contacts) -> collision_raw/caster_back_left_contact (ros_gz_interfaces/msg/Contacts)] (Lazy 0)
[parameter_bridge-3] [INFO] [1788861427.338893877] [ros_gz_bridge]: Creating GZ->ROS Bridge: [/world/default/model/turtlebot3_waffle/link/base_scan/sensor/lidar_contact/contact (gz.msgs.Contacts) -> collision_raw/lidar_contact (ros_gz_interfaces/msg/Contacts)] (Lazy 0)
[parameter_bridge-3] [INFO] [1788861427.339032467] [ros_gz_bridge]: Creating GZ->ROS Bridge: [/world/default/model/turtlebot3_waffle/link/camera_link/sensor/camera_contact/contact (gz.msgs.Contacts) -> collision_raw/camera_contact (ros_gz_interfaces/msg/Contacts)] (Lazy 0)
[parameter_bridge-3] [INFO] [1788861427.339156968] [ros_gz_bridge]: Creating GZ->ROS Bridge: [/model/turtlebot3_waffle/pose (gz.msgs.Pose) -> ground_truth_pose (geometry_msgs/msg/PoseStamped)] (Lazy 0)
[gz-1] [1;33mWarning [Utils.cc:132][0m [/sdf/model[@name="turtlebot3_waffle"]/link[@name="imu_link"]/sensor[@name="tb3_imu"]/gz_frame_id:/tmp/rcn_waffle.sdf__xtg8f1x.sdf:L70]: XML Element[gz_frame_id], child of element[sensor], not defined in SDF. Copying[gz_frame_id] as children of [sensor].
[gz-1] [1;33mWarning [Utils.cc:132][0m [/sdf/model[@name="turtlebot3_waffle"]/link[@name="base_scan"]/sensor[@name="hls_lfcd_lds"]/gz_frame_id:/tmp/rcn_waffle.sdf__xtg8f1x.sdf:L165]: XML Element[gz_frame_id], child of element[sensor], not defined in SDF. Copying[gz_frame_id] as children of [sensor].
[gz-1] [1;33mWarning [Utils.cc:132][0m [/sdf/model[@name="turtlebot3_waffle"]/link[@name="camera_link"]/sensor[@name="rcn_rgbd"]/gz_frame_id:/tmp/rcn_waffle.sdf__xtg8f1x.sdf:L439]: XML Element[gz_frame_id], child of element[sensor], not defined in SDF. Copying[gz_frame_id] as children of [sensor].
[gz-1] [1;33mWarning [Utils.cc:132][0m [/sdf/model[@name="turtlebot3_waffle"]/link[@name="camera_link"]/sensor[@name="rcn_semantic_labels"]/gz_frame_id:/tmp/rcn_waffle.sdf__xtg8f1x.sdf:L473]: XML Element[gz_frame_id], child of element[sensor], not defined in SDF. Copying[gz_frame_id] as children of [sensor].
[parameter_bridge-3] [INFO] [1788861438.011246938] [ros_gz_bridge]: Passing message from ROS geometry_msgs/msg/Twist to Gazebo gz.msgs.Twist (showing msg only once per type)
[ERROR] [robot_state_publisher-4]: process has died [pid 1319553, exit code -9, cmd '/opt/ros/jazzy/lib/robot_state_publisher/robot_state_publisher --ros-args --params-file /tmp/launch_params_gc2batvl'].
[ERROR] [parameter_bridge-3]: process has died [pid 1319552, exit code -9, cmd '/opt/ros/jazzy/lib/ros_gz_bridge/parameter_bridge --ros-args --params-file /tmp/launch_params_cq0s0571'].
[ERROR] [gz-1]: process has died [pid 1319550, exit code -9, cmd 'gz sim -r -s --headless-rendering -v 1 /home/eao/lusn-robot-navigation/data/physical_worlds_v1/base-r010/world.sdf'].
