[INFO] [launch]: All log files can be found below /home/eao/lusn-robot-navigation/ros_ws/log/ros/2026-09-08-00-40-02-584367-eao-workstation-117966
[INFO] [launch]: Default logging verbosity is set to INFO
[INFO] [gz-1]: process started with pid [118024]
[INFO] [create-2]: process started with pid [118025]
[INFO] [parameter_bridge-3]: process started with pid [118026]
[INFO] [robot_state_publisher-4]: process started with pid [118027]
[create-2] [INFO] [1788824402.939748597] [ros_gz_sim]: Requesting list of world names.
[robot_state_publisher-4] [INFO] [1788824402.968817275] [robot_state_publisher]: Robot initialized
[parameter_bridge-3] [INFO] [1788824403.979211361] [ros_gz_bridge]: Creating GZ->ROS Bridge: [/clock (gz.msgs.Clock) -> /clock (rosgraph_msgs/msg/Clock)] (Lazy 0)
[parameter_bridge-3] [INFO] [1788824404.013101647] [ros_gz_bridge]: Creating GZ->ROS Bridge: [/joint_states (gz.msgs.Model) -> joint_states (sensor_msgs/msg/JointState)] (Lazy 0)
[parameter_bridge-3] [INFO] [1788824404.021099632] [ros_gz_bridge]: Creating GZ->ROS Bridge: [/odom (gz.msgs.Odometry) -> odom (nav_msgs/msg/Odometry)] (Lazy 0)
[parameter_bridge-3] [INFO] [1788824404.026866845] [ros_gz_bridge]: Creating GZ->ROS Bridge: [/tf (gz.msgs.Pose_V) -> tf (tf2_msgs/msg/TFMessage)] (Lazy 0)
[parameter_bridge-3] [INFO] [1788824404.030689513] [ros_gz_bridge]: Creating GZ->ROS Bridge: [/imu (gz.msgs.IMU) -> imu (sensor_msgs/msg/Imu)] (Lazy 0)
[parameter_bridge-3] [INFO] [1788824404.031127665] [ros_gz_bridge]: Creating GZ->ROS Bridge: [/scan (gz.msgs.LaserScan) -> scan (sensor_msgs/msg/LaserScan)] (Lazy 0)
[parameter_bridge-3] [INFO] [1788824404.031444154] [ros_gz_bridge]: Creating ROS->GZ Bridge: [cmd_vel (geometry_msgs/msg/Twist) -> /cmd_vel (gz.msgs.Twist)] (Lazy 0)
[parameter_bridge-3] [INFO] [1788824404.032580806] [ros_gz_bridge]: Creating GZ->ROS Bridge: [/camera/image (gz.msgs.Image) -> camera/image (sensor_msgs/msg/Image)] (Lazy 0)
[parameter_bridge-3] [INFO] [1788824404.034178411] [ros_gz_bridge]: Creating GZ->ROS Bridge: [/camera/depth_image (gz.msgs.Image) -> camera/depth_image (sensor_msgs/msg/Image)] (Lazy 0)
[parameter_bridge-3] [INFO] [1788824404.035773426] [ros_gz_bridge]: Creating GZ->ROS Bridge: [/camera/camera_info (gz.msgs.CameraInfo) -> camera/camera_info (sensor_msgs/msg/CameraInfo)] (Lazy 0)
[parameter_bridge-3] [INFO] [1788824404.037986629] [ros_gz_bridge]: Creating GZ->ROS Bridge: [/camera/segmentation/labels_map (gz.msgs.Image) -> camera/segmentation (sensor_msgs/msg/Image)] (Lazy 0)
[parameter_bridge-3] [INFO] [1788824404.042993850] [ros_gz_bridge]: Creating GZ->ROS Bridge: [/world/default/model/turtlebot3_waffle/link/base_link/sensor/base_contact/contact (gz.msgs.Contacts) -> collision_raw/base_contact (ros_gz_interfaces/msg/Contacts)] (Lazy 0)
[parameter_bridge-3] [INFO] [1788824404.045928923] [ros_gz_bridge]: Creating GZ->ROS Bridge: [/world/default/model/turtlebot3_waffle/link/wheel_left_link/sensor/wheel_left_contact/contact (gz.msgs.Contacts) -> collision_raw/wheel_left_contact (ros_gz_interfaces/msg/Contacts)] (Lazy 0)
[parameter_bridge-3] [INFO] [1788824404.047034394] [ros_gz_bridge]: Creating GZ->ROS Bridge: [/world/default/model/turtlebot3_waffle/link/wheel_right_link/sensor/wheel_right_contact/contact (gz.msgs.Contacts) -> collision_raw/wheel_right_contact (ros_gz_interfaces/msg/Contacts)] (Lazy 0)
[parameter_bridge-3] [INFO] [1788824404.047997841] [ros_gz_bridge]: Creating GZ->ROS Bridge: [/world/default/model/turtlebot3_waffle/link/caster_back_right_link/sensor/caster_back_right_contact/contact (gz.msgs.Contacts) -> collision_raw/caster_back_right_contact (ros_gz_interfaces/msg/Contacts)] (Lazy 0)
[parameter_bridge-3] [INFO] [1788824404.048868646] [ros_gz_bridge]: Creating GZ->ROS Bridge: [/world/default/model/turtlebot3_waffle/link/caster_back_left_link/sensor/caster_back_left_contact/contact (gz.msgs.Contacts) -> collision_raw/caster_back_left_contact (ros_gz_interfaces/msg/Contacts)] (Lazy 0)
[parameter_bridge-3] [INFO] [1788824404.049619927] [ros_gz_bridge]: Creating GZ->ROS Bridge: [/world/default/model/turtlebot3_waffle/link/base_scan/sensor/lidar_contact/contact (gz.msgs.Contacts) -> collision_raw/lidar_contact (ros_gz_interfaces/msg/Contacts)] (Lazy 0)
[parameter_bridge-3] [INFO] [1788824404.050350348] [ros_gz_bridge]: Creating GZ->ROS Bridge: [/world/default/model/turtlebot3_waffle/link/camera_link/sensor/camera_contact/contact (gz.msgs.Contacts) -> collision_raw/camera_contact (ros_gz_interfaces/msg/Contacts)] (Lazy 0)
[parameter_bridge-3] [INFO] [1788824404.051048837] [ros_gz_bridge]: Creating GZ->ROS Bridge: [/model/turtlebot3_waffle/pose (gz.msgs.Pose) -> ground_truth_pose (geometry_msgs/msg/PoseStamped)] (Lazy 0)
[create-2] [INFO] [1788824404.149392672] [ros_gz_sim]: Entity creation successful.
[INFO] [create-2]: process has finished cleanly [pid 118025]
[gz-1] [1;33mWarning [Utils.cc:132][0m [/sdf/model[@name="turtlebot3_waffle"]/link[@name="imu_link"]/sensor[@name="tb3_imu"]/gz_frame_id:/tmp/rcn_waffle.sdf_r2uwtoh9.sdf:L70]: XML Element[gz_frame_id], child of element[sensor], not defined in SDF. Copying[gz_frame_id] as children of [sensor].
[gz-1] [1;33mWarning [Utils.cc:132][0m [/sdf/model[@name="turtlebot3_waffle"]/link[@name="base_scan"]/sensor[@name="hls_lfcd_lds"]/gz_frame_id:/tmp/rcn_waffle.sdf_r2uwtoh9.sdf:L165]: XML Element[gz_frame_id], child of element[sensor], not defined in SDF. Copying[gz_frame_id] as children of [sensor].
[gz-1] [1;33mWarning [Utils.cc:132][0m [/sdf/model[@name="turtlebot3_waffle"]/link[@name="camera_link"]/sensor[@name="rcn_rgbd"]/gz_frame_id:/tmp/rcn_waffle.sdf_r2uwtoh9.sdf:L439]: XML Element[gz_frame_id], child of element[sensor], not defined in SDF. Copying[gz_frame_id] as children of [sensor].
[gz-1] [1;33mWarning [Utils.cc:132][0m [/sdf/model[@name="turtlebot3_waffle"]/link[@name="camera_link"]/sensor[@name="rcn_semantic_labels"]/gz_frame_id:/tmp/rcn_waffle.sdf_r2uwtoh9.sdf:L473]: XML Element[gz_frame_id], child of element[sensor], not defined in SDF. Copying[gz_frame_id] as children of [sensor].
[parameter_bridge-3] [INFO] [1788824421.379603946] [ros_gz_bridge]: Passing message from ROS geometry_msgs/msg/Twist to Gazebo gz.msgs.Twist (showing msg only once per type)
[parameter_bridge-3] [INFO] [1788824428.061725263] [rclcpp]: signal_handler(SIGINT/SIGTERM)
[INFO] [parameter_bridge-3]: process has finished cleanly [pid 118026]
[WARNING] [launch]: user interrupted with ctrl-c (SIGINT)
[INFO] [robot_state_publisher-4]: sending signal 'SIGINT' to process[robot_state_publisher-4]
[INFO] [gz-1]: sending signal 'SIGINT' to process[gz-1]
[robot_state_publisher-4] [INFO] [1788824428.164783276] [rclcpp]: signal_handler(SIGINT/SIGTERM)
[INFO] [gz-1]: process has finished cleanly [pid 118024]
[INFO] [robot_state_publisher-4]: process has finished cleanly [pid 118027]
